// Jest Snapshot v1, https://goo.gl/fbAQLP

exports[`<App /> renders correctly, test using Jest + Enzyme 1`] = `
<View>
  <Text>
    Hola
  </Text>
</View>
`;
